2025-07-11T22:26:40.211+02:00  INFO 31872 --- [VIVONET] [main] com.example.VIVONET.VivonetApplication   : Starting VivonetApplication using Java 23.0.2 with PID 31872 (F:\Nevena\faks\master\SEP\projekat\sep\VIVONET\backend\VIVONET\target\classes started by gligo in F:\Nevena\faks\master\SEP\projekat\sep\VIVONET\backend\VIVONET)
2025-07-11T22:26:40.214+02:00  INFO 31872 --- [VIVONET] [main] com.example.VIVONET.VivonetApplication   : No active profile set, falling back to 1 default profile: "default"
2025-07-11T22:26:41.411+02:00  INFO 31872 --- [VIVONET] [main] .s.d.r.c.RepositoryConfigurationDelegate : Bootstrapping Spring Data JPA repositories in DEFAULT mode.
2025-07-11T22:26:41.480+02:00  INFO 31872 --- [VIVONET] [main] .s.d.r.c.RepositoryConfigurationDelegate : Finished Spring Data repository scanning in 63 ms. Found 3 JPA repository interfaces.
2025-07-11T22:26:42.531+02:00  INFO 31872 --- [VIVONET] [main] o.s.b.w.embedded.tomcat.TomcatWebServer  : Tomcat initialized with port 8093 (http)
2025-07-11T22:26:42.563+02:00  INFO 31872 --- [VIVONET] [main] o.apache.catalina.core.StandardService   : Starting service [Tomcat]
2025-07-11T22:26:42.564+02:00  INFO 31872 --- [VIVONET] [main] o.apache.catalina.core.StandardEngine    : Starting Servlet engine: [Apache Tomcat/10.1.33]
2025-07-11T22:26:42.672+02:00  INFO 31872 --- [VIVONET] [main] o.a.c.c.C.[Tomcat].[localhost].[/]       : Initializing Spring embedded WebApplicationContext
2025-07-11T22:26:42.674+02:00  INFO 31872 --- [VIVONET] [main] w.s.c.ServletWebServerApplicationContext : Root WebApplicationContext: initialization completed in 2390 ms
2025-07-11T22:26:43.179+02:00  INFO 31872 --- [VIVONET] [main] o.hibernate.jpa.internal.util.LogHelper  : HHH000204: Processing PersistenceUnitInfo [name: default]
2025-07-11T22:26:43.277+02:00  INFO 31872 --- [VIVONET] [main] org.hibernate.Version                    : HHH000412: Hibernate ORM core version 6.4.10.Final
2025-07-11T22:26:43.347+02:00  INFO 31872 --- [VIVONET] [main] o.h.c.internal.RegionFactoryInitiator    : HHH000026: Second-level cache disabled
2025-07-11T22:26:43.597+02:00  INFO 31872 --- [VIVONET] [main] o.s.o.j.p.SpringPersistenceUnitInfo      : No LoadTimeWeaver setup: ignoring JPA class transformer
2025-07-11T22:26:43.619+02:00  INFO 31872 --- [VIVONET] [main] com.zaxxer.hikari.HikariDataSource       : HikariPool-1 - Starting...
2025-07-11T22:26:43.836+02:00  INFO 31872 --- [VIVONET] [main] com.zaxxer.hikari.pool.HikariPool        : HikariPool-1 - Added connection org.postgresql.jdbc.PgConnection@665ed71a
2025-07-11T22:26:43.838+02:00  INFO 31872 --- [VIVONET] [main] com.zaxxer.hikari.HikariDataSource       : HikariPool-1 - Start completed.
2025-07-11T22:26:43.865+02:00  WARN 31872 --- [VIVONET] [main] org.hibernate.orm.deprecation            : HHH90000025: PostgreSQLDialect does not need to be specified explicitly using 'hibernate.dialect' (remove the property setting and it will be selected by default)
2025-07-11T22:26:45.070+02:00  INFO 31872 --- [VIVONET] [main] o.h.e.t.j.p.i.JtaPlatformInitiator       : HHH000489: No JTA platform available (set 'hibernate.transaction.jta.platform' to enable JTA platform integration)
2025-07-11T22:26:45.129+02:00  INFO 31872 --- [VIVONET] [main] j.LocalContainerEntityManagerFactoryBean : Initialized JPA EntityManagerFactory for persistence unit 'default'
2025-07-11T22:26:46.168+02:00  INFO 31872 --- [VIVONET] [main] o.s.d.j.r.query.QueryEnhancerFactory     : Hibernate is in classpath; If applicable, HQL parser will be used.
2025-07-11T22:26:46.827+02:00  WARN 31872 --- [VIVONET] [main] JpaBaseConfiguration$JpaWebConfiguration : spring.jpa.open-in-view is enabled by default. Therefore, database queries may be performed during view rendering. Explicitly configure spring.jpa.open-in-view to disable this warning
2025-07-11T22:26:47.144+02:00  INFO 31872 --- [VIVONET] [main] o.s.b.a.e.web.EndpointLinksResolver      : Exposing 1 endpoint(s) beneath base path '/actuator'
2025-07-11T22:26:47.235+02:00  INFO 31872 --- [VIVONET] [main] o.s.s.web.DefaultSecurityFilterChain     : Will secure any request with [org.springframework.security.web.session.DisableEncodeUrlFilter@7cb040b7, org.springframework.security.web.context.request.async.WebAsyncManagerIntegrationFilter@1aa9635c, org.springframework.security.web.context.SecurityContextHolderFilter@56972302, org.springframework.security.web.header.HeaderWriterFilter@399dc033, org.springframework.security.web.authentication.logout.LogoutFilter@24f1d4f3, com.example.VIVONET.security.jwt.AuthTokenFilter@2122b4bd, org.springframework.security.web.savedrequest.RequestCacheAwareFilter@1b74dd88, org.springframework.security.web.servletapi.SecurityContextHolderAwareRequestFilter@1bbbede1, org.springframework.security.web.authentication.AnonymousAuthenticationFilter@418f2af3, org.springframework.security.web.session.SessionManagementFilter@16433d56, org.springframework.security.web.access.ExceptionTranslationFilter@c91ced9, org.springframework.security.web.access.intercept.AuthorizationFilter@26e437dd]
2025-07-11T22:26:47.927+02:00  INFO 31872 --- [VIVONET] [main] o.s.b.w.embedded.tomcat.TomcatWebServer  : Tomcat started on port 8093 (http) with context path ''
2025-07-11T22:26:47.938+02:00  INFO 31872 --- [VIVONET] [main] o.s.a.r.c.CachingConnectionFactory       : Attempting to connect to: [localhost:5672]
2025-07-11T22:26:47.983+02:00  INFO 31872 --- [VIVONET] [main] o.s.a.r.c.CachingConnectionFactory       : Created new connection: rabbitConnectionFactory#39068df9:0/SimpleConnection@c0ef9a8 [delegate=amqp://guest@127.0.0.1:5672/, localPort=57352]
2025-07-11T22:26:48.066+02:00  INFO 31872 --- [VIVONET] [main] com.example.VIVONET.VivonetApplication   : Started VivonetApplication in 8.554 seconds (process running for 9.241)
2025-07-11T22:26:49.859+02:00  INFO 31872 --- [VIVONET] [http-nio-8093-exec-2] o.a.c.c.C.[Tomcat].[localhost].[/]       : Initializing Spring DispatcherServlet 'dispatcherServlet'
2025-07-11T22:26:49.859+02:00  INFO 31872 --- [VIVONET] [http-nio-8093-exec-2] o.s.web.servlet.DispatcherServlet        : Initializing Servlet 'dispatcherServlet'
2025-07-11T22:26:49.860+02:00  INFO 31872 --- [VIVONET] [http-nio-8093-exec-2] o.s.web.servlet.DispatcherServlet        : Completed initialization in 1 ms
2025-07-11T22:33:53.248+02:00  INFO 31872 --- [VIVONET] [org.springframework.amqp.rabbit.RabbitListenerEndpointContainer#0-2] o.s.a.r.l.SimpleMessageListenerContainer : Waiting for workers to finish.
2025-07-11T22:33:54.185+02:00  INFO 31872 --- [VIVONET] [org.springframework.amqp.rabbit.RabbitListenerEndpointContainer#0-2] o.s.a.r.l.SimpleMessageListenerContainer : Successfully waited for workers to finish.
2025-07-11T22:33:54.205+02:00  INFO 31872 --- [VIVONET] [SpringApplicationShutdownHook] j.LocalContainerEntityManagerFactoryBean : Closing JPA EntityManagerFactory for persistence unit 'default'
2025-07-11T22:33:54.207+02:00  INFO 31872 --- [VIVONET] [SpringApplicationShutdownHook] com.zaxxer.hikari.HikariDataSource       : HikariPool-1 - Shutdown initiated...
2025-07-11T22:33:54.210+02:00  INFO 31872 --- [VIVONET] [SpringApplicationShutdownHook] com.zaxxer.hikari.HikariDataSource       : HikariPool-1 - Shutdown completed.
2025-07-11T22:33:55.980+02:00  INFO 13612 --- [VIVONET] [main] com.example.VIVONET.VivonetApplication   : Starting VivonetApplication using Java 23.0.2 with PID 13612 (F:\Nevena\faks\master\SEP\projekat\sep\VIVONET\backend\VIVONET\target\classes started by gligo in F:\Nevena\faks\master\SEP\projekat\sep\VIVONET\backend\VIVONET)
2025-07-11T22:33:55.986+02:00  INFO 13612 --- [VIVONET] [main] com.example.VIVONET.VivonetApplication   : No active profile set, falling back to 1 default profile: "default"
2025-07-11T22:33:57.652+02:00  INFO 13612 --- [VIVONET] [main] .s.d.r.c.RepositoryConfigurationDelegate : Bootstrapping Spring Data JPA repositories in DEFAULT mode.
2025-07-11T22:33:57.782+02:00  INFO 13612 --- [VIVONET] [main] .s.d.r.c.RepositoryConfigurationDelegate : Finished Spring Data repository scanning in 113 ms. Found 3 JPA repository interfaces.
2025-07-11T22:33:59.218+02:00  INFO 13612 --- [VIVONET] [main] o.s.b.w.embedded.tomcat.TomcatWebServer  : Tomcat initialized with port 8093 (http)
2025-07-11T22:33:59.230+02:00  INFO 13612 --- [VIVONET] [main] o.apache.catalina.core.StandardService   : Starting service [Tomcat]
2025-07-11T22:33:59.231+02:00  INFO 13612 --- [VIVONET] [main] o.apache.catalina.core.StandardEngine    : Starting Servlet engine: [Apache Tomcat/10.1.33]
2025-07-11T22:33:59.290+02:00  INFO 13612 --- [VIVONET] [main] o.a.c.c.C.[Tomcat].[localhost].[/]       : Initializing Spring embedded WebApplicationContext
2025-07-11T22:33:59.290+02:00  INFO 13612 --- [VIVONET] [main] w.s.c.ServletWebServerApplicationContext : Root WebApplicationContext: initialization completed in 3190 ms
2025-07-11T22:33:59.818+02:00  INFO 13612 --- [VIVONET] [main] o.hibernate.jpa.internal.util.LogHelper  : HHH000204: Processing PersistenceUnitInfo [name: default]
2025-07-11T22:33:59.928+02:00  INFO 13612 --- [VIVONET] [main] org.hibernate.Version                    : HHH000412: Hibernate ORM core version 6.4.10.Final
2025-07-11T22:33:59.999+02:00  INFO 13612 --- [VIVONET] [main] o.h.c.internal.RegionFactoryInitiator    : HHH000026: Second-level cache disabled
2025-07-11T22:34:00.356+02:00  INFO 13612 --- [VIVONET] [main] o.s.o.j.p.SpringPersistenceUnitInfo      : No LoadTimeWeaver setup: ignoring JPA class transformer
2025-07-11T22:34:00.380+02:00  INFO 13612 --- [VIVONET] [main] com.zaxxer.hikari.HikariDataSource       : HikariPool-1 - Starting...
2025-07-11T22:34:00.652+02:00  INFO 13612 --- [VIVONET] [main] com.zaxxer.hikari.pool.HikariPool        : HikariPool-1 - Added connection org.postgresql.jdbc.PgConnection@622ba721
2025-07-11T22:34:00.654+02:00  INFO 13612 --- [VIVONET] [main] com.zaxxer.hikari.HikariDataSource       : HikariPool-1 - Start completed.
2025-07-11T22:34:00.678+02:00  WARN 13612 --- [VIVONET] [main] org.hibernate.orm.deprecation            : HHH90000025: PostgreSQLDialect does not need to be specified explicitly using 'hibernate.dialect' (remove the property setting and it will be selected by default)
2025-07-11T22:34:02.197+02:00  INFO 13612 --- [VIVONET] [main] o.h.e.t.j.p.i.JtaPlatformInitiator       : HHH000489: No JTA platform available (set 'hibernate.transaction.jta.platform' to enable JTA platform integration)
2025-07-11T22:34:02.260+02:00  INFO 13612 --- [VIVONET] [main] j.LocalContainerEntityManagerFactoryBean : Initialized JPA EntityManagerFactory for persistence unit 'default'
2025-07-11T22:34:03.296+02:00  INFO 13612 --- [VIVONET] [main] o.s.d.j.r.query.QueryEnhancerFactory     : Hibernate is in classpath; If applicable, HQL parser will be used.
2025-07-11T22:34:03.752+02:00  WARN 13612 --- [VIVONET] [main] JpaBaseConfiguration$JpaWebConfiguration : spring.jpa.open-in-view is enabled by default. Therefore, database queries may be performed during view rendering. Explicitly configure spring.jpa.open-in-view to disable this warning
2025-07-11T22:34:04.118+02:00  INFO 13612 --- [VIVONET] [main] o.s.b.a.e.web.EndpointLinksResolver      : Exposing 1 endpoint(s) beneath base path '/actuator'
2025-07-11T22:34:04.283+02:00  INFO 13612 --- [VIVONET] [main] o.s.s.web.DefaultSecurityFilterChain     : Will secure any request with [org.springframework.security.web.session.DisableEncodeUrlFilter@42eb459d, org.springframework.security.web.context.request.async.WebAsyncManagerIntegrationFilter@608ccfcd, org.springframework.security.web.context.SecurityContextHolderFilter@6e92aadd, org.springframework.security.web.header.HeaderWriterFilter@7e4f42c0, org.springframework.security.web.authentication.logout.LogoutFilter@678c654c, com.example.VIVONET.security.jwt.AuthTokenFilter@3f7b15bb, org.springframework.security.web.savedrequest.RequestCacheAwareFilter@cdf3ee2, org.springframework.security.web.servletapi.SecurityContextHolderAwareRequestFilter@3940c41c, org.springframework.security.web.authentication.AnonymousAuthenticationFilter@793c2cde, org.springframework.security.web.session.SessionManagementFilter@74947f2b, org.springframework.security.web.access.ExceptionTranslationFilter@6ffc12a3, org.springframework.security.web.access.intercept.AuthorizationFilter@71d6e503]
2025-07-11T22:34:05.032+02:00  INFO 13612 --- [VIVONET] [main] o.s.b.w.embedded.tomcat.TomcatWebServer  : Tomcat started on port 8093 (http) with context path ''
2025-07-11T22:34:05.041+02:00  INFO 13612 --- [VIVONET] [main] o.s.a.r.c.CachingConnectionFactory       : Attempting to connect to: [localhost:5672]
2025-07-11T22:34:05.077+02:00  INFO 13612 --- [VIVONET] [main] o.s.a.r.c.CachingConnectionFactory       : Created new connection: rabbitConnectionFactory#dfe2875:0/SimpleConnection@46a2eca6 [delegate=amqp://guest@127.0.0.1:5672/, localPort=57447]
2025-07-11T22:34:05.174+02:00  INFO 13612 --- [VIVONET] [main] com.example.VIVONET.VivonetApplication   : Started VivonetApplication in 9.837 seconds (process running for 10.56)
2025-07-11T22:34:31.877+02:00  INFO 13612 --- [VIVONET] [http-nio-8093-exec-2] o.a.c.c.C.[Tomcat].[localhost].[/]       : Initializing Spring DispatcherServlet 'dispatcherServlet'
2025-07-11T22:34:31.878+02:00  INFO 13612 --- [VIVONET] [http-nio-8093-exec-2] o.s.web.servlet.DispatcherServlet        : Initializing Servlet 'dispatcherServlet'
2025-07-11T22:34:31.879+02:00  INFO 13612 --- [VIVONET] [http-nio-8093-exec-2] o.s.web.servlet.DispatcherServlet        : Completed initialization in 1 ms
2025-07-11T22:46:18.366+02:00  INFO 13612 --- [VIVONET] [org.springframework.amqp.rabbit.RabbitListenerEndpointContainer#0-2] o.s.a.r.l.SimpleMessageListenerContainer : Waiting for workers to finish.
2025-07-11T22:46:18.858+02:00  INFO 13612 --- [VIVONET] [org.springframework.amqp.rabbit.RabbitListenerEndpointContainer#0-2] o.s.a.r.l.SimpleMessageListenerContainer : Successfully waited for workers to finish.
2025-07-11T22:46:18.902+02:00  INFO 13612 --- [VIVONET] [SpringApplicationShutdownHook] j.LocalContainerEntityManagerFactoryBean : Closing JPA EntityManagerFactory for persistence unit 'default'
2025-07-11T22:46:18.908+02:00  INFO 13612 --- [VIVONET] [SpringApplicationShutdownHook] com.zaxxer.hikari.HikariDataSource       : HikariPool-1 - Shutdown initiated...
2025-07-11T22:46:18.918+02:00  INFO 13612 --- [VIVONET] [SpringApplicationShutdownHook] com.zaxxer.hikari.HikariDataSource       : HikariPool-1 - Shutdown completed.
2025-07-11T22:46:24.854+02:00  INFO 13320 --- [VIVONET] [main] com.example.VIVONET.VivonetApplication   : Starting VivonetApplication using Java 23.0.2 with PID 13320 (F:\Nevena\faks\master\SEP\projekat\sep\VIVONET\backend\VIVONET\target\classes started by gligo in F:\Nevena\faks\master\SEP\projekat\sep\VIVONET\backend\VIVONET)
2025-07-11T22:46:24.856+02:00  INFO 13320 --- [VIVONET] [main] com.example.VIVONET.VivonetApplication   : No active profile set, falling back to 1 default profile: "default"
2025-07-11T22:46:26.113+02:00  INFO 13320 --- [VIVONET] [main] .s.d.r.c.RepositoryConfigurationDelegate : Bootstrapping Spring Data JPA repositories in DEFAULT mode.
2025-07-11T22:46:26.193+02:00  INFO 13320 --- [VIVONET] [main] .s.d.r.c.RepositoryConfigurationDelegate : Finished Spring Data repository scanning in 72 ms. Found 3 JPA repository interfaces.
2025-07-11T22:46:27.385+02:00  INFO 13320 --- [VIVONET] [main] o.s.b.w.embedded.tomcat.TomcatWebServer  : Tomcat initialized with port 8093 (http)
2025-07-11T22:46:27.401+02:00  INFO 13320 --- [VIVONET] [main] o.apache.catalina.core.StandardService   : Starting service [Tomcat]
2025-07-11T22:46:27.401+02:00  INFO 13320 --- [VIVONET] [main] o.apache.catalina.core.StandardEngine    : Starting Servlet engine: [Apache Tomcat/10.1.33]
2025-07-11T22:46:27.480+02:00  INFO 13320 --- [VIVONET] [main] o.a.c.c.C.[Tomcat].[localhost].[/]       : Initializing Spring embedded WebApplicationContext
2025-07-11T22:46:27.480+02:00  INFO 13320 --- [VIVONET] [main] w.s.c.ServletWebServerApplicationContext : Root WebApplicationContext: initialization completed in 2545 ms
2025-07-11T22:46:27.951+02:00  INFO 13320 --- [VIVONET] [main] o.hibernate.jpa.internal.util.LogHelper  : HHH000204: Processing PersistenceUnitInfo [name: default]
2025-07-11T22:46:28.051+02:00  INFO 13320 --- [VIVONET] [main] org.hibernate.Version                    : HHH000412: Hibernate ORM core version 6.4.10.Final
2025-07-11T22:46:28.129+02:00  INFO 13320 --- [VIVONET] [main] o.h.c.internal.RegionFactoryInitiator    : HHH000026: Second-level cache disabled
2025-07-11T22:46:28.410+02:00  INFO 13320 --- [VIVONET] [main] o.s.o.j.p.SpringPersistenceUnitInfo      : No LoadTimeWeaver setup: ignoring JPA class transformer
2025-07-11T22:46:28.444+02:00  INFO 13320 --- [VIVONET] [main] com.zaxxer.hikari.HikariDataSource       : HikariPool-1 - Starting...
2025-07-11T22:46:28.708+02:00  INFO 13320 --- [VIVONET] [main] com.zaxxer.hikari.pool.HikariPool        : HikariPool-1 - Added connection org.postgresql.jdbc.PgConnection@1be52113
2025-07-11T22:46:28.710+02:00  INFO 13320 --- [VIVONET] [main] com.zaxxer.hikari.HikariDataSource       : HikariPool-1 - Start completed.
2025-07-11T22:46:28.744+02:00  WARN 13320 --- [VIVONET] [main] org.hibernate.orm.deprecation            : HHH90000025: PostgreSQLDialect does not need to be specified explicitly using 'hibernate.dialect' (remove the property setting and it will be selected by default)
2025-07-11T22:46:29.895+02:00  INFO 13320 --- [VIVONET] [main] o.h.e.t.j.p.i.JtaPlatformInitiator       : HHH000489: No JTA platform available (set 'hibernate.transaction.jta.platform' to enable JTA platform integration)
2025-07-11T22:46:29.964+02:00  INFO 13320 --- [VIVONET] [main] j.LocalContainerEntityManagerFactoryBean : Initialized JPA EntityManagerFactory for persistence unit 'default'
2025-07-11T22:46:31.024+02:00  INFO 13320 --- [VIVONET] [main] o.s.d.j.r.query.QueryEnhancerFactory     : Hibernate is in classpath; If applicable, HQL parser will be used.
2025-07-11T22:46:31.757+02:00  WARN 13320 --- [VIVONET] [main] JpaBaseConfiguration$JpaWebConfiguration : spring.jpa.open-in-view is enabled by default. Therefore, database queries may be performed during view rendering. Explicitly configure spring.jpa.open-in-view to disable this warning
2025-07-11T22:46:32.081+02:00  INFO 13320 --- [VIVONET] [main] o.s.b.a.e.web.EndpointLinksResolver      : Exposing 1 endpoint(s) beneath base path '/actuator'
2025-07-11T22:46:32.180+02:00  INFO 13320 --- [VIVONET] [main] o.s.s.web.DefaultSecurityFilterChain     : Will secure any request with [org.springframework.security.web.session.DisableEncodeUrlFilter@24f1d4f3, org.springframework.security.web.context.request.async.WebAsyncManagerIntegrationFilter@7fa1c05f, org.springframework.security.web.context.SecurityContextHolderFilter@4bdc0fb0, org.springframework.security.web.header.HeaderWriterFilter@402cdec9, org.springframework.security.web.authentication.logout.LogoutFilter@2bfe51d5, com.example.VIVONET.security.jwt.AuthTokenFilter@57e2d15c, org.springframework.security.web.savedrequest.RequestCacheAwareFilter@772a370d, org.springframework.security.web.servletapi.SecurityContextHolderAwareRequestFilter@62910d16, org.springframework.security.web.authentication.AnonymousAuthenticationFilter@6465f4a, org.springframework.security.web.session.SessionManagementFilter@5961fad1, org.springframework.security.web.access.ExceptionTranslationFilter@507c795e, org.springframework.security.web.access.intercept.AuthorizationFilter@1a2d02d8]
2025-07-11T22:46:33.004+02:00  INFO 13320 --- [VIVONET] [main] o.s.b.w.embedded.tomcat.TomcatWebServer  : Tomcat started on port 8093 (http) with context path ''
2025-07-11T22:46:33.010+02:00  INFO 13320 --- [VIVONET] [main] o.s.a.r.c.CachingConnectionFactory       : Attempting to connect to: [localhost:5672]
2025-07-11T22:46:33.051+02:00  INFO 13320 --- [VIVONET] [main] o.s.a.r.c.CachingConnectionFactory       : Created new connection: rabbitConnectionFactory#4ff3af97:0/SimpleConnection@ccdd8a6 [delegate=amqp://guest@127.0.0.1:5672/, localPort=54338]
2025-07-11T22:46:33.140+02:00  INFO 13320 --- [VIVONET] [main] com.example.VIVONET.VivonetApplication   : Started VivonetApplication in 8.919 seconds (process running for 9.544)
2025-07-11T22:46:33.824+02:00  INFO 13320 --- [VIVONET] [http-nio-8093-exec-1] o.a.c.c.C.[Tomcat].[localhost].[/]       : Initializing Spring DispatcherServlet 'dispatcherServlet'
2025-07-11T22:46:33.824+02:00  INFO 13320 --- [VIVONET] [http-nio-8093-exec-1] o.s.web.servlet.DispatcherServlet        : Initializing Servlet 'dispatcherServlet'
2025-07-11T22:46:33.826+02:00  INFO 13320 --- [VIVONET] [http-nio-8093-exec-1] o.s.web.servlet.DispatcherServlet        : Completed initialization in 2 ms
2025-07-11T22:49:27.772+02:00 ERROR 13320 --- [VIVONET] [http-nio-8093-exec-3] c.example.VIVONET.security.jwt.JwtUtils  : Invalid JWT token: JWT strings must contain exactly 2 period characters. Found: 0
2025-07-11T22:49:27.929+02:00  INFO 13320 --- [VIVONET] [http-nio-8093-exec-3] c.example.VIVONET.services.UserService   : Starting user registration..
2025-07-11T22:49:28.254+02:00  INFO 13320 --- [VIVONET] [http-nio-8093-exec-3] c.example.VIVONET.services.UserService   : User registered successfully
2025-07-11T23:08:43.068+02:00  INFO 13320 --- [VIVONET] [org.springframework.amqp.rabbit.RabbitListenerEndpointContainer#0-2] o.s.a.r.l.SimpleMessageListenerContainer : Waiting for workers to finish.
2025-07-11T23:08:43.656+02:00  INFO 13320 --- [VIVONET] [org.springframework.amqp.rabbit.RabbitListenerEndpointContainer#0-2] o.s.a.r.l.SimpleMessageListenerContainer : Successfully waited for workers to finish.
2025-07-11T23:08:43.687+02:00  INFO 13320 --- [VIVONET] [SpringApplicationShutdownHook] j.LocalContainerEntityManagerFactoryBean : Closing JPA EntityManagerFactory for persistence unit 'default'
2025-07-11T23:08:43.689+02:00  INFO 13320 --- [VIVONET] [SpringApplicationShutdownHook] com.zaxxer.hikari.HikariDataSource       : HikariPool-1 - Shutdown initiated...
2025-07-11T23:08:43.695+02:00  INFO 13320 --- [VIVONET] [SpringApplicationShutdownHook] com.zaxxer.hikari.HikariDataSource       : HikariPool-1 - Shutdown completed.
2025-07-11T23:08:47.255+02:00  INFO 9392 --- [VIVONET] [main] com.example.VIVONET.VivonetApplication   : Starting VivonetApplication using Java 23.0.2 with PID 9392 (F:\Nevena\faks\master\SEP\projekat\sep\VIVONET\backend\VIVONET\target\classes started by gligo in F:\Nevena\faks\master\SEP\projekat\sep\VIVONET\backend\VIVONET)
2025-07-11T23:08:47.257+02:00  INFO 9392 --- [VIVONET] [main] com.example.VIVONET.VivonetApplication   : No active profile set, falling back to 1 default profile: "default"
2025-07-11T23:08:48.515+02:00  INFO 9392 --- [VIVONET] [main] .s.d.r.c.RepositoryConfigurationDelegate : Bootstrapping Spring Data JPA repositories in DEFAULT mode.
2025-07-11T23:08:48.660+02:00  INFO 9392 --- [VIVONET] [main] .s.d.r.c.RepositoryConfigurationDelegate : Finished Spring Data repository scanning in 116 ms. Found 3 JPA repository interfaces.
2025-07-11T23:08:50.103+02:00  INFO 9392 --- [VIVONET] [main] o.s.b.w.embedded.tomcat.TomcatWebServer  : Tomcat initialized with port 8093 (http)
2025-07-11T23:08:50.119+02:00  INFO 9392 --- [VIVONET] [main] o.apache.catalina.core.StandardService   : Starting service [Tomcat]
2025-07-11T23:08:50.120+02:00  INFO 9392 --- [VIVONET] [main] o.apache.catalina.core.StandardEngine    : Starting Servlet engine: [Apache Tomcat/10.1.33]
2025-07-11T23:08:50.223+02:00  INFO 9392 --- [VIVONET] [main] o.a.c.c.C.[Tomcat].[localhost].[/]       : Initializing Spring embedded WebApplicationContext
2025-07-11T23:08:50.224+02:00  INFO 9392 --- [VIVONET] [main] w.s.c.ServletWebServerApplicationContext : Root WebApplicationContext: initialization completed in 2889 ms
2025-07-11T23:08:50.758+02:00  INFO 9392 --- [VIVONET] [main] o.hibernate.jpa.internal.util.LogHelper  : HHH000204: Processing PersistenceUnitInfo [name: default]
2025-07-11T23:08:50.860+02:00  INFO 9392 --- [VIVONET] [main] org.hibernate.Version                    : HHH000412: Hibernate ORM core version 6.4.10.Final
2025-07-11T23:08:50.937+02:00  INFO 9392 --- [VIVONET] [main] o.h.c.internal.RegionFactoryInitiator    : HHH000026: Second-level cache disabled
2025-07-11T23:08:51.290+02:00  INFO 9392 --- [VIVONET] [main] o.s.o.j.p.SpringPersistenceUnitInfo      : No LoadTimeWeaver setup: ignoring JPA class transformer
2025-07-11T23:08:51.338+02:00  INFO 9392 --- [VIVONET] [main] com.zaxxer.hikari.HikariDataSource       : HikariPool-1 - Starting...
2025-07-11T23:08:51.698+02:00  INFO 9392 --- [VIVONET] [main] com.zaxxer.hikari.pool.HikariPool        : HikariPool-1 - Added connection org.postgresql.jdbc.PgConnection@665ed71a
2025-07-11T23:08:51.703+02:00  INFO 9392 --- [VIVONET] [main] com.zaxxer.hikari.HikariDataSource       : HikariPool-1 - Start completed.
2025-07-11T23:08:51.770+02:00  WARN 9392 --- [VIVONET] [main] org.hibernate.orm.deprecation            : HHH90000025: PostgreSQLDialect does not need to be specified explicitly using 'hibernate.dialect' (remove the property setting and it will be selected by default)
2025-07-11T23:08:52.937+02:00  INFO 9392 --- [VIVONET] [main] o.h.e.t.j.p.i.JtaPlatformInitiator       : HHH000489: No JTA platform available (set 'hibernate.transaction.jta.platform' to enable JTA platform integration)
2025-07-11T23:08:52.994+02:00  INFO 9392 --- [VIVONET] [main] j.LocalContainerEntityManagerFactoryBean : Initialized JPA EntityManagerFactory for persistence unit 'default'
2025-07-11T23:08:53.929+02:00  INFO 9392 --- [VIVONET] [main] o.s.d.j.r.query.QueryEnhancerFactory     : Hibernate is in classpath; If applicable, HQL parser will be used.
2025-07-11T23:08:54.474+02:00  WARN 9392 --- [VIVONET] [main] JpaBaseConfiguration$JpaWebConfiguration : spring.jpa.open-in-view is enabled by default. Therefore, database queries may be performed during view rendering. Explicitly configure spring.jpa.open-in-view to disable this warning
2025-07-11T23:08:54.858+02:00  INFO 9392 --- [VIVONET] [main] o.s.b.a.e.web.EndpointLinksResolver      : Exposing 1 endpoint(s) beneath base path '/actuator'
2025-07-11T23:08:54.959+02:00  INFO 9392 --- [VIVONET] [main] o.s.s.web.DefaultSecurityFilterChain     : Will secure any request with [org.springframework.security.web.session.DisableEncodeUrlFilter@763b279, org.springframework.security.web.context.request.async.WebAsyncManagerIntegrationFilter@73e2a3ae, org.springframework.security.web.context.SecurityContextHolderFilter@7ec53f8f, org.springframework.security.web.header.HeaderWriterFilter@5b84007e, org.springframework.security.web.authentication.logout.LogoutFilter@5b1378cf, com.example.VIVONET.security.jwt.AuthTokenFilter@2122b4bd, org.springframework.security.web.savedrequest.RequestCacheAwareFilter@56972302, org.springframework.security.web.servletapi.SecurityContextHolderAwareRequestFilter@19146ad8, org.springframework.security.web.authentication.AnonymousAuthenticationFilter@61874f5d, org.springframework.security.web.session.SessionManagementFilter@3cc3914a, org.springframework.security.web.access.ExceptionTranslationFilter@579e8a7, org.springframework.security.web.access.intercept.AuthorizationFilter@52031e42]
2025-07-11T23:08:55.907+02:00  INFO 9392 --- [VIVONET] [main] o.s.b.w.embedded.tomcat.TomcatWebServer  : Tomcat started on port 8093 (http) with context path ''
2025-07-11T23:08:55.913+02:00  INFO 9392 --- [VIVONET] [main] o.s.a.r.c.CachingConnectionFactory       : Attempting to connect to: [localhost:5672]
2025-07-11T23:08:55.959+02:00  INFO 9392 --- [VIVONET] [main] o.s.a.r.c.CachingConnectionFactory       : Created new connection: rabbitConnectionFactory#39068df9:0/SimpleConnection@186b5db [delegate=amqp://guest@127.0.0.1:5672/, localPort=54487]
2025-07-11T23:08:56.049+02:00  INFO 9392 --- [VIVONET] [main] com.example.VIVONET.VivonetApplication   : Started VivonetApplication in 9.408 seconds (process running for 9.992)
2025-07-11T23:08:57.834+02:00  INFO 9392 --- [VIVONET] [http-nio-8093-exec-1] o.a.c.c.C.[Tomcat].[localhost].[/]       : Initializing Spring DispatcherServlet 'dispatcherServlet'
2025-07-11T23:08:57.834+02:00  INFO 9392 --- [VIVONET] [http-nio-8093-exec-1] o.s.web.servlet.DispatcherServlet        : Initializing Servlet 'dispatcherServlet'
2025-07-11T23:08:57.841+02:00  INFO 9392 --- [VIVONET] [http-nio-8093-exec-1] o.s.web.servlet.DispatcherServlet        : Completed initialization in 7 ms
2025-07-11T23:09:02.571+02:00 ERROR 9392 --- [VIVONET] [http-nio-8093-exec-4] c.example.VIVONET.security.jwt.JwtUtils  : Invalid JWT token: JWT strings must contain exactly 2 period characters. Found: 0
2025-07-11T23:09:02.681+02:00  INFO 9392 --- [VIVONET] [http-nio-8093-exec-4] c.e.VIVONET.controllers.AuthController   : Authenticating user: user
2025-07-11T23:09:03.202+02:00  INFO 9392 --- [VIVONET] [http-nio-8093-exec-4] c.e.VIVONET.controllers.AuthController   : User user logged in successfully
2025-07-11T23:09:07.852+02:00  INFO 9392 --- [VIVONET] [http-nio-8093-exec-10] c.e.V.services.VivonetServicesService    : Retrieving all mobile services for personal use from database
2025-07-11T23:09:09.820+02:00  INFO 9392 --- [VIVONET] [http-nio-8093-exec-2] c.e.V.services.VivonetServicesService    : Retrieving all TV services for personal use from database
2025-07-11T23:09:10.792+02:00  INFO 9392 --- [VIVONET] [http-nio-8093-exec-4] c.e.V.services.VivonetServicesService    : Retrieving all internet services for personal use from database
2025-07-11T23:09:41.443+02:00  INFO 9392 --- [VIVONET] [org.springframework.amqp.rabbit.RabbitListenerEndpointContainer#0-2] o.s.a.r.l.SimpleMessageListenerContainer : Waiting for workers to finish.
2025-07-11T23:09:42.402+02:00  INFO 9392 --- [VIVONET] [org.springframework.amqp.rabbit.RabbitListenerEndpointContainer#0-2] o.s.a.r.l.SimpleMessageListenerContainer : Successfully waited for workers to finish.
2025-07-11T23:09:42.487+02:00  INFO 9392 --- [VIVONET] [SpringApplicationShutdownHook] j.LocalContainerEntityManagerFactoryBean : Closing JPA EntityManagerFactory for persistence unit 'default'
2025-07-11T23:09:42.492+02:00  INFO 9392 --- [VIVONET] [SpringApplicationShutdownHook] com.zaxxer.hikari.HikariDataSource       : HikariPool-1 - Shutdown initiated...
2025-07-11T23:09:42.522+02:00  INFO 9392 --- [VIVONET] [SpringApplicationShutdownHook] com.zaxxer.hikari.HikariDataSource       : HikariPool-1 - Shutdown completed.
